---
source: src/nalgebra.rs
expression: "deserialize_json!([[1, [2], 3, 4], [5, 6, 7, 8]]).unwrap_err()"
---

 1 | [[1, [2], 3, 4], [5, 6, 7, 8]]
   |       ^ invalid type: sequence, expected a single number at line 1 column 6

