---
source: src/ndarray.rs
expression: "roundtrip!(ArrayD < i32 >, [[[false]]]).unwrap_err()"
---

   | [
   |   [
   |     [
 4 |       false
   |            ^ invalid type: boolean `false`, expected a sequence or a single number at line 4 column 11
   |     ]
   |   ]
   | ]

