---
source: src/ndarray.rs
expression: "deserialize_json!(Array3 < i32 >, [[[[1, 2, 3], [4, 5, 6]]]]).unwrap_err()"
---

 1 | [[[[1, 2, 3], [4, 5, 6]]]]
   |     ^ maximum dims of 3 exceeded at line 1 column 4

