---
source: src/nalgebra.rs
expression: matrix
---

  ┌           ┐
  │ 1 5 │
  │ 2 6 │
  │ 3 7 │
  │ 4 8 │
  └           ┘


