---
source: src/nalgebra.rs
expression: "deserialize_json!([[false]]).unwrap_err()"
---

 1 | [[false]]
   |        ^ invalid type: boolean `false`, expected a sequence or a single number at line 1 column 7

