---
source: src/ndarray.rs
expression: "roundtrip!(ArrayD < i32 >, [[[1, 2, 3, [4]]]]).unwrap_err()"
---

   |     2,
   |     3,
   |     [
 8 |       4
   |       ^ invalid type: sequence, expected a single number at line 8 column 8
   |     ]
   |   ]
   | ]

