---
source: src/ndarray.rs
expression: "roundtrip!(Array3 < i32 >, [[1, 2, 3], [4, 5, 6]]).unwrap_err()"
---

   | [
   |   [
 3 |     1,
   |      ^ didn't reach the expected minimum dims 3, got 2 at line 3 column 5
   |     2,
   |     3
   |   ],
   |   [

